MemTotal:       18390464 kB
MemFree:        14529880 kB
MemAvailable:   16123072 kB
Buffers:          339052 kB
Cached:          1461208 kB
SwapCached:            0 kB
Active:          2709504 kB
Inactive:         817532 kB
Active(anon):    1776096 kB
Inactive(anon):        0 kB
Active(file):     933408 kB
Inactive(file):   817532 kB
Unevictable:           0 kB
Mlocked:               0 kB
SwapTotal:       3145724 kB
SwapFree:        3145724 kB
Zswap:                 0 kB
Zswapped:              0 kB
Dirty:               192 kB
Writeback:             0 kB
AnonPages:       1626776 kB
Mapped:           635476 kB
Shmem:             49364 kB
KReclaimable:     101296 kB
Slab:             181920 kB
SReclaimable:     101296 kB
SUnreclaim:        80624 kB
KernelStack:       10208 kB
PageTables:        11580 kB
SecPageTables:         0 kB
NFS_Unstable:          0 kB
Bounce:                0 kB
WritebackTmp:          0 kB
CommitLimit:    12340956 kB
Committed_AS:    4621612 kB
VmallocTotal:   135288315904 kB
VmallocUsed:        6464 kB
VmallocChunk:          0 kB
Percpu:             7448 kB
AnonHugePages:   1171456 kB
ShmemHugePages:        0 kB
ShmemPmdMapped:        0 kB
FileHugePages:         0 kB
FilePmdMapped:         0 kB
HugePages_Total:       0
HugePages_Free:        0
HugePages_Rsvd:        0
HugePages_Surp:        0
Hugepagesize:       2048 kB
Hugetlb:               0 kB
